
> client@0.0.0 build
> vite build

[36mvite v8.0.3 [32mbuilding client environment for production...[36m[39m
[2K
transforming...Γ£ô 1798 modules transformed.
rendering chunks...
node.exe : [31mΓ£ù[39m Build 
failed in 599ms
At line:1 char:1
+ & "C:\Program 
Files\nodejs/node.exe" "C:\Program 
Files\nodejs/node_mo ...
+ ~~~~~~~~~~~~~~~~~~~~~~~~~~~~~~~~~
~~~~~~~~~~~~~~~~~~~~~~~~~~~~~~~~~~~
~
    + CategoryInfo          : NotS 
   pecified: ([31mΓ£ù[39m Build  
   failed in 599ms:String) [], R   
 emoteException
    + FullyQualifiedErrorId : Nati 
   veCommandError
 
[31merror during build:
[31mBuild failed with 4 errors:

[31m[MISSING_EXPORT] Error:[0m 
"Facebook" is not exported by "node
_modules/lucide-react/dist/esm/luci
de-react.js".
   [38;5;246mΓò¡[0m[38;5;246mΓöÇ
[0m[38;5;246m[[0m 
src/components/Footer.jsx:2:25 
[38;5;246m][0m
   [38;5;246mΓöé[0m
 [38;5;246m2 Γöé[0m [38;5;249mi
[0m[38;5;249mm[0m[38;5;249mp[0m
[38;5;249mo[0m[38;5;249mr[0m[3
8;5;249mt[0m[38;5;249m 
[0m[38;5;249m{[0m[38;5;249m [0
m[38;5;249mG[0m[38;5;249mr[0m[
38;5;249ma[0m[38;5;249md[0m[38;
5;249mu[0m[38;5;249ma[0m[38;5;2
49mt[0m[38;5;249mi[0m[38;5;249m
o[0m[38;5;249mn[0m[38;5;249mC[
0m[38;5;249ma[0m[38;5;249mp[0m
[38;5;249m,[0m[38;5;249m [0mFace
book[38;5;249m,[0m[38;5;249m [0
m[38;5;249mI[0m[38;5;249mn[0m[
38;5;249ms[0m[38;5;249mt[0m[38;
5;249ma[0m[38;5;249mg[0m[38;5;2
49mr[0m[38;5;249ma[0m[38;5;249m
m[0m[38;5;249m,[0m[38;5;249m [
0m[38;5;249mL[0m[38;5;249mi[0m
[38;5;249mn[0m[38;5;249mk[0m[38
;5;249me[0m[38;5;249md[0m[38;5;
249mi[0m[38;5;249mn[0m[38;5;249
m,[0m[38;5;249m [0m[38;5;249mT
[0m[38;5;249mw[0m[38;5;249mi[0m
[38;5;249mt[0m[38;5;249mt[0m[3
8;5;249me[0m[38;5;249mr[0m[38;5
;249m,[0m[38;5;249m [0m[38;5;24
9mM[0m[38;5;249ma[0m[38;5;249mp
[0m[38;5;249mP[0m[38;5;249mi[0
m[38;5;249mn[0m[38;5;249m,[0m[
38;5;249m [0m[38;5;249mP[0m[38;
5;249mh[0m[38;5;249mo[0m[38;5;2
49mn[0m[38;5;249me[0m[38;5;249m
,[0m[38;5;249m [0m[38;5;249mM[
0m[38;5;249ma[0m[38;5;249mi[0m
[38;5;249ml[0m[38;5;249m,[0m[38
;5;249m [0m[38;5;249mC[0m[38;5;
249ml[0m[38;5;249mo[0m[38;5;249
mc[0m[38;5;249mk[0m[38;5;249m 
[0m[38;5;249m}[0m[38;5;249m [0
m[38;5;249mf[0m[38;5;249mr[0m[
38;5;249mo[0m[38;5;249mm[0m[38;
5;249m [0m[38;5;249m"[0m[38;5;2
49ml[0m[38;5;249mu[0m[38;5;249m
c[0m[38;5;249mi[0m[38;5;249md[
0m[38;5;249me[0m[38;5;249m-[0m
[38;5;249mr[0m[38;5;249me[0m[38
;5;249ma[0m[38;5;249mc[0m[38;5;
249mt[0m[38;5;249m"[0m[38;5;249
m;[0m
 [38;5;240m  Γöé[0m              
           
ΓöÇΓöÇΓöÇΓöÇΓö¼ΓöÇΓöÇΓöÇ  
 [38;5;240m  Γöé[0m              
               Γò░ΓöÇΓöÇΓöÇΓöÇΓöÇ 
Missing export
[38;5;246mΓöÇΓöÇΓöÇΓò»[0m

[31m[MISSING_EXPORT] Error:[0m 
"Instagram" is not exported by "nod
e_modules/lucide-react/dist/esm/luc
ide-react.js".
   [38;5;246mΓò¡[0m[38;5;246mΓöÇ
[0m[38;5;246m[[0m 
src/components/Footer.jsx:2:35 
[38;5;246m][0m
   [38;5;246mΓöé[0m
 [38;5;246m2 Γöé[0m [38;5;249mi
[0m[38;5;249mm[0m[38;5;249mp[0m
[38;5;249mo[0m[38;5;249mr[0m[3
8;5;249mt[0m[38;5;249m 
[0m[38;5;249m{[0m[38;5;249m [0
m[38;5;249mG[0m[38;5;249mr[0m[
38;5;249ma[0m[38;5;249md[0m[38;
5;249mu[0m[38;5;249ma[0m[38;5;2
49mt[0m[38;5;249mi[0m[38;5;249m
o[0m[38;5;249mn[0m[38;5;249mC[
0m[38;5;249ma[0m[38;5;249mp[0m
[38;5;249m,[0m[38;5;249m [0m[38
;5;249mF[0m[38;5;249ma[0m[38;5;
249mc[0m[38;5;249me[0m[38;5;249
mb[0m[38;5;249mo[0m[38;5;249mo
[0m[38;5;249mk[0m[38;5;249m,[0m
[38;5;249m [0mInstagram[38;5;249
m,[0m[38;5;249m [0m[38;5;249mL
[0m[38;5;249mi[0m[38;5;249mn[0m
[38;5;249mk[0m[38;5;249me[0m[3
8;5;249md[0m[38;5;249mi[0m[38;5
;249mn[0m[38;5;249m,[0m[38;5;24
9m [0m[38;5;249mT[0m[38;5;249mw
[0m[38;5;249mi[0m[38;5;249mt[0
m[38;5;249mt[0m[38;5;249me[0m[
38;5;249mr[0m[38;5;249m,[0m[38;
5;249m [0m[38;5;249mM[0m[38;5;2
49ma[0m[38;5;249mp[0m[38;5;249m
P[0m[38;5;249mi[0m[38;5;249mn[
0m[38;5;249m,[0m[38;5;249m [0m
[38;5;249mP[0m[38;5;249mh[0m[38
;5;249mo[0m[38;5;249mn[0m[38;5;
249me[0m[38;5;249m,[0m[38;5;249
m [0m[38;5;249mM[0m[38;5;249ma
[0m[38;5;249mi[0m[38;5;249ml[0m
[38;5;249m,[0m[38;5;249m [0m[3
8;5;249mC[0m[38;5;249ml[0m[38;5
;249mo[0m[38;5;249mc[0m[38;5;24
9mk[0m[38;5;249m 
[0m[38;5;249m}[0m[38;5;249m [0
m[38;5;249mf[0m[38;5;249mr[0m[
38;5;249mo[0m[38;5;249mm[0m[38;
5;249m [0m[38;5;249m"[0m[38;5;2
49ml[0m[38;5;249mu[0m[38;5;249m
c[0m[38;5;249mi[0m[38;5;249md[
0m[38;5;249me[0m[38;5;249m-[0m
[38;5;249mr[0m[38;5;249me[0m[38
;5;249ma[0m[38;5;249mc[0m[38;5;
249mt[0m[38;5;249m"[0m[38;5;249
m;[0m
 [38;5;240m  Γöé[0m              
                     
ΓöÇΓöÇΓöÇΓöÇΓö¼ΓöÇΓöÇΓöÇΓöÇ  
 [38;5;240m  Γöé[0m              
                         
Γò░ΓöÇΓöÇΓöÇΓöÇΓöÇΓöÇ Missing 
export
[38;5;246mΓöÇΓöÇΓöÇΓò»[0m

[31m[MISSING_EXPORT] Error:[0m 
"Linkedin" is not exported by "node
_modules/lucide-react/dist/esm/luci
de-react.js".
   [38;5;246mΓò¡[0m[38;5;246mΓöÇ
[0m[38;5;246m[[0m 
src/components/Footer.jsx:2:46 
[38;5;246m][0m
   [38;5;246mΓöé[0m
 [38;5;246m2 Γöé[0m [38;5;249mi
[0m[38;5;249mm[0m[38;5;249mp[0m
[38;5;249mo[0m[38;5;249mr[0m[3
8;5;249mt[0m[38;5;249m 
[0m[38;5;249m{[0m[38;5;249m [0
m[38;5;249mG[0m[38;5;249mr[0m[
38;5;249ma[0m[38;5;249md[0m[38;
5;249mu[0m[38;5;249ma[0m[38;5;2
49mt[0m[38;5;249mi[0m[38;5;249m
o[0m[38;5;249mn[0m[38;5;249mC[
0m[38;5;249ma[0m[38;5;249mp[0m
[38;5;249m,[0m[38;5;249m [0m[38
;5;249mF[0m[38;5;249ma[0m[38;5;
249mc[0m[38;5;249me[0m[38;5;249
mb[0m[38;5;249mo[0m[38;5;249mo
[0m[38;5;249mk[0m[38;5;249m,[0m
[38;5;249m [0m[38;5;249mI[0m[3
8;5;249mn[0m[38;5;249ms[0m[38;5
;249mt[0m[38;5;249ma[0m[38;5;24
9mg[0m[38;5;249mr[0m[38;5;249ma
[0m[38;5;249mm[0m[38;5;249m,[0
m[38;5;249m [0mLinkedin[38;5;249
m,[0m[38;5;249m [0m[38;5;249mT
[0m[38;5;249mw[0m[38;5;249mi[0m
[38;5;249mt[0m[38;5;249mt[0m[3
8;5;249me[0m[38;5;249mr[0m[38;5
;249m,[0m[38;5;249m [0m[38;5;24
9mM[0m[38;5;249ma[0m[38;5;249mp
[0m[38;5;249mP[0m[38;5;249mi[0
m[38;5;249mn[0m[38;5;249m,[0m[
38;5;249m [0m[38;5;249mP[0m[38;
5;249mh[0m[38;5;249mo[0m[38;5;2
49mn[0m[38;5;249me[0m[38;5;249m
,[0m[38;5;249m [0m[38;5;249mM[
0m[38;5;249ma[0m[38;5;249mi[0m
[38;5;249ml[0m[38;5;249m,[0m[38
;5;249m [0m[38;5;249mC[0m[38;5;
249ml[0m[38;5;249mo[0m[38;5;249
mc[0m[38;5;249mk[0m[38;5;249m 
[0m[38;5;249m}[0m[38;5;249m [0
m[38;5;249mf[0m[38;5;249mr[0m[
38;5;249mo[0m[38;5;249mm[0m[38;
5;249m [0m[38;5;249m"[0m[38;5;2
49ml[0m[38;5;249mu[0m[38;5;249m
c[0m[38;5;249mi[0m[38;5;249md[
0m[38;5;249me[0m[38;5;249m-[0m
[38;5;249mr[0m[38;5;249me[0m[38
;5;249ma[0m[38;5;249mc[0m[38;5;
249mt[0m[38;5;249m"[0m[38;5;249
m;[0m
 [38;5;240m  Γöé[0m              
                                
ΓöÇΓöÇΓöÇΓöÇΓö¼ΓöÇΓöÇΓöÇ  
 [38;5;240m  Γöé[0m              
                                   
 Γò░ΓöÇΓöÇΓöÇΓöÇΓöÇ Missing export
[38;5;246mΓöÇΓöÇΓöÇΓò»[0m

[31m[MISSING_EXPORT] Error:[0m 
"Twitter" is not exported by "node_
modules/lucide-react/dist/esm/lucid
e-react.js".
   [38;5;246mΓò¡[0m[38;5;246mΓöÇ
[0m[38;5;246m[[0m 
src/components/Footer.jsx:2:56 
[38;5;246m][0m
   [38;5;246mΓöé[0m
 [38;5;246m2 Γöé[0m [38;5;249mi
[0m[38;5;249mm[0m[38;5;249mp[0m
[38;5;249mo[0m[38;5;249mr[0m[3
8;5;249mt[0m[38;5;249m 
[0m[38;5;249m{[0m[38;5;249m [0
m[38;5;249mG[0m[38;5;249mr[0m[
38;5;249ma[0m[38;5;249md[0m[38;
5;249mu[0m[38;5;249ma[0m[38;5;2
49mt[0m[38;5;249mi[0m[38;5;249m
o[0m[38;5;249mn[0m[38;5;249mC[
0m[38;5;249ma[0m[38;5;249mp[0m
[38;5;249m,[0m[38;5;249m [0m[38
;5;249mF[0m[38;5;249ma[0m[38;5;
249mc[0m[38;5;249me[0m[38;5;249
mb[0m[38;5;249mo[0m[38;5;249mo
[0m[38;5;249mk[0m[38;5;249m,[0m
[38;5;249m [0m[38;5;249mI[0m[3
8;5;249mn[0m[38;5;249ms[0m[38;5
;249mt[0m[38;5;249ma[0m[38;5;24
9mg[0m[38;5;249mr[0m[38;5;249ma
[0m[38;5;249mm[0m[38;5;249m,[0
m[38;5;249m [0m[38;5;249mL[0m[
38;5;249mi[0m[38;5;249mn[0m[38;
5;249mk[0m[38;5;249me[0m[38;5;2
49md[0m[38;5;249mi[0m[38;5;249m
n[0m[38;5;249m,[0m[38;5;249m [
0mTwitter[38;5;249m,[0m[38;5;249
m [0m[38;5;249mM[0m[38;5;249ma
[0m[38;5;249mp[0m[38;5;249mP[0m
[38;5;249mi[0m[38;5;249mn[0m[3
8;5;249m,[0m[38;5;249m [0m[38;5
;249mP[0m[38;5;249mh[0m[38;5;24
9mo[0m[38;5;249mn[0m[38;5;249me
[0m[38;5;249m,[0m[38;5;249m [0
m[38;5;249mM[0m[38;5;249ma[0m[
38;5;249mi[0m[38;5;249ml[0m[38;
5;249m,[0m[38;5;249m [0m[38;5;2
49mC[0m[38;5;249ml[0m[38;5;249m
o[0m[38;5;249mc[0m[38;5;249mk[
0m[38;5;249m 
[0m[38;5;249m}[0m[38;5;249m [0
m[38;5;249mf[0m[38;5;249mr[0m[
38;5;249mo[0m[38;5;249mm[0m[38;
5;249m [0m[38;5;249m"[0m[38;5;2
49ml[0m[38;5;249mu[0m[38;5;249m
c[0m[38;5;249mi[0m[38;5;249md[
0m[38;5;249me[0m[38;5;249m-[0m
[38;5;249mr[0m[38;5;249me[0m[38
;5;249ma[0m[38;5;249mc[0m[38;5;
249mt[0m[38;5;249m"[0m[38;5;249
m;[0m
 [38;5;240m  Γöé[0m              
                                   
       ΓöÇΓöÇΓöÇΓö¼ΓöÇΓöÇΓöÇ  
 [38;5;240m  Γöé[0m              
                                   
          Γò░ΓöÇΓöÇΓöÇΓöÇΓöÇ 
Missing export
[38;5;246mΓöÇΓöÇΓöÇΓò»[0m
[31m
    at 
aggregateBindingErrorsIntoJsError (
file:///C:/ROAD%20TO%20!L/tutorsite
/client/node_modules/rolldown/dist/
shared/error-BLhcSyeg.mjs:48:18)
    at unwrapBindingResult (file://
/C:/ROAD%20TO%20!L/tutorsite/client
/node_modules/rolldown/dist/shared/
error-BLhcSyeg.mjs:18:128)
    at #build (file:///C:/ROAD%20TO
%20!L/tutorsite/client/node_modules
/rolldown/dist/shared/rolldown-buil
d-CPrIX9V6.mjs:3313:34)
    at async buildEnvironment (file
:///C:/ROAD%20TO%20!L/tutorsite/cli
ent/node_modules/vite/dist/node/chu
nks/node.js:32849:64)
    at async Object.build (file:///
C:/ROAD%20TO%20!L/tutorsite/client/
node_modules/vite/dist/node/chunks/
node.js:33271:19)
    at async Object.buildApp (file:
///C:/ROAD%20TO%20!L/tutorsite/clie
nt/node_modules/vite/dist/node/chun
ks/node.js:33268:153)
    at async CAC.<anonymous> (file:
///C:/ROAD%20TO%20!L/tutorsite/clie
nt/node_modules/vite/dist/node/cli.
js:778:3) {
  errors: [Getter/Setter]
}[39m
